
> emergency-response-api@1.0.0 test
> jest --runInBand

node.exe : PASS src/__tests__/event.system.test.ts (8.662 s)
At line:1 char:1
+ & "C:\nvm4w\nodejs/node.exe" "C:\nvm4w\nodejs/node_modules/npm/bin/np ...
+ ~~~~~~~~~~~~~~~~~~~~~~~~~~~~~~~~~~~~~~~~~~~~~~~~~~~~~~~~~~~~~~~~~~~~~
    + CategoryInfo          : NotSpecified: (PASS src/__test...st.ts (8.662 s):String) [], RemoteE 
   xception
    + FullyQualifiedErrorId : NativeCommandError
 
  ΓùÅ Console

    console.error
      {
        "timestamp": "2026-08-19T04:38:53.946Z",
        "level": "error",
        "service": "emergency-response-api",
        "message": "Redis unavailable",
        "operation": "publishPendingOutboxEvents",
        "eventId": "evt-002",
        "eventType": "INCIDENT_CREATED",
        "attempt": 2,
        "errorCode": "DEPENDENCY_UNAVAILABLE"
      }

    [0m [90m 60 |[39m
     [90m 61 |[39m   [36mif[39m (level [33m===[39m [32m'error'[39m) {
    [31m[1m>[22m[39m[90m 62 |[39m     console[33m.[39merror(output)[33m;[39m
     [90m    |[39m             [31m[1m^[22m[39m
     [90m 63 |[39m   } [36melse[39m [36mif[39m (level [33m===[39m [32m'warn'[39m) {
     [90m 64 |[39m     console[33m.[39mwarn(output)[33m;[39m
     [90m 65 |[39m   } [36melse[39m {[0m

      at write (src/lib/logger.ts:62:13)
      at Object.error (src/lib/logger.ts:76:53)
      at publishPendingOutboxEvents (src/events/outbox/outbox.publisher.ts:75:14)
      at Object.<anonymous> (src/__tests__/event.system.test.ts:272:19)

    console.error
      {
        "timestamp": "2026-08-19T04:38:53.968Z",
        "level": "error",
        "service": "emergency-response-api",
        "message": "Redis unavailable",
        "operation": "publishPendingOutboxEvents",
        "eventId": "evt-003",
        "eventType": "INCIDENT_CREATED",
        "attempt": 5,
        "errorCode": "DEPENDENCY_UNAVAILABLE"
      }

    [0m [90m 60 |[39m
     [90m 61 |[39m   [36mif[39m (level [33m===[39m [32m'error'[39m) {
    [31m[1m>[22m[39m[90m 62 |[39m     console[33m.[39merror(output)[33m;[39m
     [90m    |[39m             [31m[1m^[22m[39m
     [90m 63 |[39m   } [36melse[39m [36mif[39m (level [33m===[39m [32m'warn'[39m) {
     [90m 64 |[39m     console[33m.[39mwarn(output)[33m;[39m
     [90m 65 |[39m   } [36melse[39m {[0m

      at write (src/lib/logger.ts:62:13)
      at Object.error (src/lib/logger.ts:76:53)
      at publishPendingOutboxEvents (src/events/outbox/outbox.publisher.ts:75:14)
      at Object.<anonymous> (src/__tests__/event.system.test.ts:289:5)

    console.log
      [IncidentCreatedHandler] Calculating priority for incident inc-test

      at handleIncidentCreated (src/events/handlers/incident-created.handler.ts:28:11)

    console.log
      [IncidentCreatedHandler] Priority 65 calculated for incident inc-test

      at handleIncidentCreated (src/events/handlers/incident-created.handler.ts:39:11)

    console.log
      [ResourceStatusHandler] Resource "A-12" (r-1): BUSY ΓåÆ FAILED

      at handleResourceStatusChanged (src/events/handlers/resource-status.handler.ts:44:11)

    console.log
      [ResourceStatusHandler] Resource "A-12" is FAILED and has active assignment assign-999 ΓÇö 
requesting re-optimization.

      at handleResourceStatusChanged (src/events/handlers/resource-status.handler.ts:70:11)

    console.log
      [ResourceStatusHandler] Resource "A-12" (r-1): BUSY ΓåÆ AVAILABLE

      at handleResourceStatusChanged (src/events/handlers/resource-status.handler.ts:44:11)

    console.log
      [ResourceStatusHandler] Resource "A-12" (r-1): BUSY ΓåÆ MAINTENANCE

      at handleResourceStatusChanged (src/events/handlers/resource-status.handler.ts:44:11)

    console.log
      [ResourceStatusHandler] Resource "A-12" is MAINTENANCE and has active assignment assign-m 
ΓÇö requesting re-optimization.

      at handleResourceStatusChanged (src/events/handlers/resource-status.handler.ts:70:11)

    console.log
      [ResourceStatusHandler] Resource "A-12" (r-1): AVAILABLE ΓåÆ FAILED

      at handleResourceStatusChanged (src/events/handlers/resource-status.handler.ts:44:11)

    console.log
      [ResourceStatusHandler] Resource "A-12" has no active assignment ΓÇö no re-optimization 
needed.

      at handleResourceStatusChanged (src/events/handlers/resource-status.handler.ts:61:13)

PASS src/__tests__/assignment.service.test.ts
PASS src/__tests__/reoptimization.service.test.ts

  ΓùÅ  Cannot log after tests are done. Did you forget to wait for something async in your test?
    Attempted to log "{
      "timestamp": "2026-08-19T04:38:58.141Z",
      "level": "info",
      "service": "emergency-response-api",
      "message": "[Cache] Redis connected",
      "operation": "cacheConnect"
    }".

    [0m [90m 64 |[39m     console[33m.[39mwarn(output)[33m;[39m
     [90m 65 |[39m   } [36melse[39m {
    [31m[1m>[22m[39m[90m 66 |[39m     console[33m.[39mlog(output)[33m;[39m
     [90m    |[39m             [31m[1m^[22m[39m
     [90m 67 |[39m   }
     [90m 68 |[39m }
     [90m 69 |[39m[0m

      at console.log (node_modules/@jest/console/build/index.js:147:10)
      at write (src/lib/logger.ts:66:13)
      at Object.info (src/lib/logger.ts:74:53)
      at EventEmitter.<anonymous> (src/cache/cache.service.ts:62:26)

PASS src/__tests__/decision.service.test.ts
PASS src/__tests__/resource-allocation.engine.test.ts
PASS src/__tests__/decision.engine.test.ts

Test Suites: 6 passed, 6 total
Tests:       163 passed, 163 total
Snapshots:   0 total
Time:        10.705 s, estimated 12 s
Ran all test suites.
Jest did not exit one second after the test run has completed.

'This usually means that there are asynchronous operations that weren't stopped in your tests. 
Consider running Jest with `--detectOpenHandles` to troubleshoot this issue.
